<html>
<body>
<pre>
<h1>µVision Build Log</h1>
<h2>Tool Versions:</h2>
IDE-Version: µVision V5.14.0.0
Copyright (C) 2015 ARM Ltd and ARM Germany GmbH. All rights reserved.
License Information: Thomas Oldbury, University of Leeds, LIC=4ZLII-THY28-IKPB7-E7NGQ-T35TG-WRM7N
 
Tool Versions:
Toolchain:       MDK-ARM Professional  Version: 5.14.0.0
Toolchain Path:  C:\Keil_v5\ARM\ARMCC\Bin
C Compiler:      Armcc.exe V5.05 update 1 (build 106)
Assembler:       Armasm.exe V5.05 update 1 (build 106)
Linker/Locator:  ArmLink.exe V5.05 update 1 (build 106)
Library Manager: ArmAr.exe V5.05 update 1 (build 106)
Hex Converter:   FromElf.exe V5.05 update 1 (build 106)
CPU DLL:         SARMCM3.DLL V5.14.0.0
Dialog DLL:      DCM.DLL V1.13.1.0
Target DLL:      STLink\ST-LINKIII-KEIL_SWO.dll V2.0.14.0_KEIL
Dialog DLL:      TCM.DLL V1.14.4.0
 
<h2>Project:</h2>
C:\Users\Tom\Documents\FPGA_Work\RasPi Oscilloscope\GitHub\stm32f4-adf435x\Project.uvprojx
Project File Date:  02/17/2019

<h2>Output:</h2>
Build target 'STM32F40_41xxx'
compiling main.c...
hal.h(52): warning:  #1295-D: Deprecated declaration hal_init - give arg types
  void hal_init();
hal.h(57): warning:  #1-D: last line of file ends without a newline
  #endif // ___HAL_H___
main.c: 2 warnings, 0 errors
compiling adf435x.c...
hal.h(52): warning:  #1295-D: Deprecated declaration hal_init - give arg types
  void hal_init();
hal.h(57): warning:  #1-D: last line of file ends without a newline
  #endif // ___HAL_H___
adf435x.c(114): warning:  #223-D: function "uart_printf" declared implicitly
      uart_printf("r4=0x%08x should_be=0x%08x xor=0x%08x\r\n", (adf435x_state.r4 | 0x4), 0xEC83FC, (adf435x_state.r4 | 0x4) ^ 0xEC83FC);
adf435x.c(133): warning:  #111-D: statement is unreachable
      uart_putsraw("adf435x: ready\r\n");
adf435x.c(180): warning:  #223-D: function "uart_printf" declared implicitly
      uart_printf("adf435x: write register %d: 0x%08x (29-bit: 0x%08x)\r\n", reg, packet, packet >> 3);
adf435x.c: 5 warnings, 0 errors
linking...
Program Size: Code=6112 RO-data=424 RW-data=36 ZI-data=2076  
"STM32F40_41xxx\STM32F40_41xxx.axf" - 0 Error(s), 7 Warning(s).

<h2>Software Packages used:</h2>

Package Vendor: ARM
                http://www.keil.com/pack/ARM.CMSIS.4.3.0.pack
                ARM::CMSIS:CORE:4.1.0
                CMSIS (Cortex Microcontroller Software Interface Standard)
   * Component: CORE Version: 4.1.0

<h2>Collection of Component include folders:</h2>
  C:\Users\Tom\Documents\FPGA_Work\RasPi Oscilloscope\GitHub\stm32f4-adf435x\RTE
  C:\Keil_v5\ARM\PACK\ARM\CMSIS\4.3.0\CMSIS\Include
  C:\Keil_v5\ARM\PACK\Keil\STM32F4xx_DFP\2.13.0

<h2>Collection of Component Files used:</h2>

   * Component: ARM::CMSIS:CORE:4.1.0
</pre>
</body>
</html>
